
> cychigh-frontend@1.0.0 build
> vite build

[36mvite v5.4.21 [32mbuilding for production...[36m[39m
transforming...
[32mΓ£ô[39m 2778 modules transformed.
rendering chunks...
computing gzip size...
[2mdist/[22m[32mindex.html                           [39m[1m[2m  0.87 kB[22m[1m[22m[2m Γöé gzip:   0.48 kB[22m
[2mdist/[22m[35massets/index-DHvygJ04.css            [39m[1m[2m 39.26 kB[22m[1m[22m[2m Γöé gzip:   7.37 kB[22m
[2mdist/[22m[36massets/check-NyChyDPH.js             [39m[1m[2m  0.30 kB[22m[1m[22m[2m Γöé gzip:   0.25 kB[22m
[2mdist/[22m[36massets/formatters-CW_vL7ys.js        [39m[1m[2m  0.33 kB[22m[1m[22m[2m Γöé gzip:   0.21 kB[22m
[2mdist/[22m[36massets/x-Fwlg599E.js                 [39m[1m[2m  0.33 kB[22m[1m[22m[2m Γöé gzip:   0.26 kB[22m
[2mdist/[22m[36massets/arrow-left-6H9cBZB2.js        [39m[1m[2m  0.34 kB[22m[1m[22m[2m Γöé gzip:   0.27 kB[22m
[2mdist/[22m[36massets/arrow-right-ClEYOxKQ.js       [39m[1m[2m  0.34 kB[22m[1m[22m[2m Γöé gzip:   0.27 kB[22m
[2mdist/[22m[36massets/search-DHMLoVCB.js            [39m[1m[2m  0.35 kB[22m[1m[22m[2m Γöé gzip:   0.28 kB[22m
[2mdist/[22m[36massets/clock-B-jb8r4-.js             [39m[1m[2m  0.36 kB[22m[1m[22m[2m Γöé gzip:   0.28 kB[22m
[2mdist/[22m[36massets/user-Bpqzx_rK.js              [39m[1m[2m  0.38 kB[22m[1m[22m[2m Γöé gzip:   0.29 kB[22m
[2mdist/[22m[36massets/info-DYS6XJxS.js              [39m[1m[2m  0.38 kB[22m[1m[22m[2m Γöé gzip:   0.29 kB[22m
[2mdist/[22m[36massets/map-pin-DoBNYgtF.js           [39m[1m[2m  0.38 kB[22m[1m[22m[2m Γöé gzip:   0.30 kB[22m
[2mdist/[22m[36massets/wrench-CIo5RsV6.js            [39m[1m[2m  0.44 kB[22m[1m[22m[2m Γöé gzip:   0.31 kB[22m
[2mdist/[22m[36massets/trash-2-CzCg17yt.js           [39m[1m[2m  0.54 kB[22m[1m[22m[2m Γöé gzip:   0.35 kB[22m
[2mdist/[22m[36massets/scale-CKPq_2e_.js             [39m[1m[2m  0.54 kB[22m[1m[22m[2m Γöé gzip:   0.34 kB[22m
[2mdist/[22m[36massets/CyclePage-lap2PvWg.js         [39m[1m[2m  0.59 kB[22m[1m[22m[2m Γöé gzip:   0.42 kB[22m
[2mdist/[22m[36massets/settings-Ddo5xlfI.js          [39m[1m[2m  0.91 kB[22m[1m[22m[2m Γöé gzip:   0.45 kB[22m
[2mdist/[22m[36massets/NotFound-CmlBXdfq.js          [39m[1m[2m  1.13 kB[22m[1m[22m[2m Γöé gzip:   0.62 kB[22m
[2mdist/[22m[36massets/createLucideIcon-C-OjBFWW.js  [39m[1m[2m  1.55 kB[22m[1m[22m[2m Γöé gzip:   0.65 kB[22m
[2mdist/[22m[36massets/Auth-CUYXG4gj.js              [39m[1m[2m  1.59 kB[22m[1m[22m[2m Γöé gzip:   0.65 kB[22m
[2mdist/[22m[36massets/DictionaryPage-6fDSCIYF.js    [39m[1m[2m  1.80 kB[22m[1m[22m[2m Γöé gzip:   0.92 kB[22m
[2mdist/[22m[36massets/SearchPage-DyniAp7Q.js        [39m[1m[2m  1.89 kB[22m[1m[22m[2m Γöé gzip:   0.91 kB[22m
[2mdist/[22m[36massets/MarketplacePage--E7DSEQc.js   [39m[1m[2m  2.58 kB[22m[1m[22m[2m Γöé gzip:   1.15 kB[22m
[2mdist/[22m[36massets/KnowledgePage-CNYz4W2c.js     [39m[1m[2m  3.20 kB[22m[1m[22m[2m Γöé gzip:   1.30 kB[22m
[2mdist/[22m[36massets/CycleCard-Ci62zn9E.js         [39m[1m[2m  3.62 kB[22m[1m[22m[2m Γöé gzip:   1.53 kB[22m
[2mdist/[22m[36massets/RoutesPage-B-tXxu2K.js        [39m[1m[2m  3.91 kB[22m[1m[22m[2m Γöé gzip:   1.52 kB[22m
[2mdist/[22m[36massets/MaintenancePage-D2Qonch2.js   [39m[1m[2m  4.01 kB[22m[1m[22m[2m Γöé gzip:   1.78 kB[22m
[2mdist/[22m[36massets/ProfilePage-D089GrwY.js       [39m[1m[2m  4.36 kB[22m[1m[22m[2m Γöé gzip:   1.78 kB[22m
[2mdist/[22m[36massets/QuizPage-CWmh8G56.js          [39m[1m[2m  7.22 kB[22m[1m[22m[2m Γöé gzip:   3.05 kB[22m
[2mdist/[22m[36massets/BuilderPage-CkNzvlvy.js       [39m[1m[2m  8.11 kB[22m[1m[22m[2m Γöé gzip:   2.95 kB[22m
[2mdist/[22m[36massets/CycleDetail-CAnfQbW8.js       [39m[1m[2m  8.51 kB[22m[1m[22m[2m Γöé gzip:   2.55 kB[22m
[2mdist/[22m[36massets/ComparePage-aw-cY-4P.js       [39m[1m[2m  9.93 kB[22m[1m[22m[2m Γöé gzip:   3.22 kB[22m
[2mdist/[22m[36massets/CommunityPage-B0rGV_e1.js     [39m[1m[2m 11.24 kB[22m[1m[22m[2m Γöé gzip:   3.44 kB[22m
[2mdist/[22m[36massets/ToolsPage-Du9kXo2Y.js         [39m[1m[2m 13.19 kB[22m[1m[22m[2m Γöé gzip:   3.39 kB[22m
[2mdist/[22m[36massets/Home-BlbteH5Y.js              [39m[1m[2m 13.83 kB[22m[1m[22m[2m Γöé gzip:   4.22 kB[22m
[2mdist/[22m[36massets/AdminPage-F6APuTas.js         [39m[1m[2m 40.42 kB[22m[1m[22m[2m Γöé gzip:  13.23 kB[22m
[2mdist/[22m[36massets/proxy-BC7vsguM.js             [39m[1m[2m111.06 kB[22m[1m[22m[2m Γöé gzip:  36.50 kB[22m
[2mdist/[22m[36massets/index-n58mDQxG.js             [39m[1m[2m228.68 kB[22m[1m[22m[2m Γöé gzip:  77.72 kB[22m
[2mdist/[22m[36massets/TrackerPage-eibnvQuf.js       [39m[1m[2m387.25 kB[22m[1m[22m[2m Γöé gzip: 107.40 kB[22m
[32mΓ£ô built in 10.72s[39m
